------------------------------------------------------------
TimeQuest Timing Analyzer Summary
------------------------------------------------------------

Type  : Slow 1100mV 85C Model Setup 'U5_adc_pll|adc_pll_inst|altera_pll_i|general[0].gpll~PLL_OUTPUT_COUNTER|divclk'
Slack : -4.664
TNS   : -143.882

Type  : Slow 1100mV 85C Model Setup 'U4_usb_pll|usb_121pll_inst|altera_pll_i|general[0].gpll~PLL_OUTPUT_COUNTER|divclk'
Slack : 6.336
TNS   : 0.000

Type  : Slow 1100mV 85C Model Setup 'altera_reserved_tck'
Slack : 7.623
TNS   : 0.000

Type  : Slow 1100mV 85C Model Setup 'I_ref_clk'
Slack : 37.069
TNS   : 0.000

Type  : Slow 1100mV 85C Model Hold 'U5_adc_pll|adc_pll_inst|altera_pll_i|general[0].gpll~PLL_OUTPUT_COUNTER|divclk'
Slack : 0.357
TNS   : 0.000

Type  : Slow 1100mV 85C Model Hold 'U4_usb_pll|usb_121pll_inst|altera_pll_i|general[0].gpll~PLL_OUTPUT_COUNTER|divclk'
Slack : 0.471
TNS   : 0.000

Type  : Slow 1100mV 85C Model Hold 'altera_reserved_tck'
Slack : 0.499
TNS   : 0.000

Type  : Slow 1100mV 85C Model Hold 'I_ref_clk'
Slack : 0.513
TNS   : 0.000

Type  : Slow 1100mV 85C Model Recovery 'U5_adc_pll|adc_pll_inst|altera_pll_i|general[0].gpll~PLL_OUTPUT_COUNTER|divclk'
Slack : 14.309
TNS   : 0.000

Type  : Slow 1100mV 85C Model Recovery 'altera_reserved_tck'
Slack : 14.807
TNS   : 0.000

Type  : Slow 1100mV 85C Model Removal 'altera_reserved_tck'
Slack : 0.988
TNS   : 0.000

Type  : Slow 1100mV 85C Model Removal 'U5_adc_pll|adc_pll_inst|altera_pll_i|general[0].gpll~PLL_OUTPUT_COUNTER|divclk'
Slack : 1.316
TNS   : 0.000

Type  : Slow 1100mV 85C Model Minimum Pulse Width 'U5_adc_pll|adc_pll_inst|altera_pll_i|general[0].gpll~FRACTIONAL_PLL|vcoph[0]'
Slack : 0.925
TNS   : 0.000

Type  : Slow 1100mV 85C Model Minimum Pulse Width 'U4_usb_pll|usb_121pll_inst|altera_pll_i|general[0].gpll~FRACTIONAL_PLL|vcoph[0]'
Slack : 1.666
TNS   : 0.000

Type  : Slow 1100mV 85C Model Minimum Pulse Width 'I_adcf_clk'
Slack : 2.063
TNS   : 0.000

Type  : Slow 1100mV 85C Model Minimum Pulse Width 'U5_adc_pll|adc_pll_inst|altera_pll_i|general[0].gpll~PLL_OUTPUT_COUNTER|divclk'
Slack : 6.722
TNS   : 0.000

Type  : Slow 1100mV 85C Model Minimum Pulse Width 'U4_usb_pll|usb_121pll_inst|altera_pll_i|general[0].gpll~PLL_OUTPUT_COUNTER|divclk'
Slack : 6.727
TNS   : 0.000

Type  : Slow 1100mV 85C Model Minimum Pulse Width 'altera_reserved_tck'
Slack : 14.630
TNS   : 0.000

Type  : Slow 1100mV 85C Model Minimum Pulse Width 'I_ref_clk'
Slack : 23.995
TNS   : 0.000

Type  : Slow 1100mV 0C Model Setup 'U5_adc_pll|adc_pll_inst|altera_pll_i|general[0].gpll~PLL_OUTPUT_COUNTER|divclk'
Slack : -4.805
TNS   : -148.560

Type  : Slow 1100mV 0C Model Setup 'U4_usb_pll|usb_121pll_inst|altera_pll_i|general[0].gpll~PLL_OUTPUT_COUNTER|divclk'
Slack : 6.465
TNS   : 0.000

Type  : Slow 1100mV 0C Model Setup 'altera_reserved_tck'
Slack : 7.878
TNS   : 0.000

Type  : Slow 1100mV 0C Model Setup 'I_ref_clk'
Slack : 37.434
TNS   : 0.000

Type  : Slow 1100mV 0C Model Hold 'U5_adc_pll|adc_pll_inst|altera_pll_i|general[0].gpll~PLL_OUTPUT_COUNTER|divclk'
Slack : 0.377
TNS   : 0.000

Type  : Slow 1100mV 0C Model Hold 'U4_usb_pll|usb_121pll_inst|altera_pll_i|general[0].gpll~PLL_OUTPUT_COUNTER|divclk'
Slack : 0.454
TNS   : 0.000

Type  : Slow 1100mV 0C Model Hold 'altera_reserved_tck'
Slack : 0.493
TNS   : 0.000

Type  : Slow 1100mV 0C Model Hold 'I_ref_clk'
Slack : 0.500
TNS   : 0.000

Type  : Slow 1100mV 0C Model Recovery 'U5_adc_pll|adc_pll_inst|altera_pll_i|general[0].gpll~PLL_OUTPUT_COUNTER|divclk'
Slack : 14.408
TNS   : 0.000

Type  : Slow 1100mV 0C Model Recovery 'altera_reserved_tck'
Slack : 15.075
TNS   : 0.000

Type  : Slow 1100mV 0C Model Removal 'altera_reserved_tck'
Slack : 0.979
TNS   : 0.000

Type  : Slow 1100mV 0C Model Removal 'U5_adc_pll|adc_pll_inst|altera_pll_i|general[0].gpll~PLL_OUTPUT_COUNTER|divclk'
Slack : 1.254
TNS   : 0.000

Type  : Slow 1100mV 0C Model Minimum Pulse Width 'U5_adc_pll|adc_pll_inst|altera_pll_i|general[0].gpll~FRACTIONAL_PLL|vcoph[0]'
Slack : 0.925
TNS   : 0.000

Type  : Slow 1100mV 0C Model Minimum Pulse Width 'U4_usb_pll|usb_121pll_inst|altera_pll_i|general[0].gpll~FRACTIONAL_PLL|vcoph[0]'
Slack : 1.666
TNS   : 0.000

Type  : Slow 1100mV 0C Model Minimum Pulse Width 'I_adcf_clk'
Slack : 2.062
TNS   : 0.000

Type  : Slow 1100mV 0C Model Minimum Pulse Width 'U5_adc_pll|adc_pll_inst|altera_pll_i|general[0].gpll~PLL_OUTPUT_COUNTER|divclk'
Slack : 6.662
TNS   : 0.000

Type  : Slow 1100mV 0C Model Minimum Pulse Width 'U4_usb_pll|usb_121pll_inst|altera_pll_i|general[0].gpll~PLL_OUTPUT_COUNTER|divclk'
Slack : 6.673
TNS   : 0.000

Type  : Slow 1100mV 0C Model Minimum Pulse Width 'altera_reserved_tck'
Slack : 14.621
TNS   : 0.000

Type  : Slow 1100mV 0C Model Minimum Pulse Width 'I_ref_clk'
Slack : 23.816
TNS   : 0.000

Type  : Fast 1100mV 85C Model Setup 'U5_adc_pll|adc_pll_inst|altera_pll_i|general[0].gpll~PLL_OUTPUT_COUNTER|divclk'
Slack : -2.003
TNS   : -62.386

Type  : Fast 1100mV 85C Model Setup 'U4_usb_pll|usb_121pll_inst|altera_pll_i|general[0].gpll~PLL_OUTPUT_COUNTER|divclk'
Slack : 11.405
TNS   : 0.000

Type  : Fast 1100mV 85C Model Setup 'altera_reserved_tck'
Slack : 12.660
TNS   : 0.000

Type  : Fast 1100mV 85C Model Setup 'I_ref_clk'
Slack : 42.616
TNS   : 0.000

Type  : Fast 1100mV 85C Model Hold 'U5_adc_pll|adc_pll_inst|altera_pll_i|general[0].gpll~PLL_OUTPUT_COUNTER|divclk'
Slack : -0.077
TNS   : -0.153

Type  : Fast 1100mV 85C Model Hold 'altera_reserved_tck'
Slack : 0.047
TNS   : 0.000

Type  : Fast 1100mV 85C Model Hold 'U4_usb_pll|usb_121pll_inst|altera_pll_i|general[0].gpll~PLL_OUTPUT_COUNTER|divclk'
Slack : 0.178
TNS   : 0.000

Type  : Fast 1100mV 85C Model Hold 'I_ref_clk'
Slack : 0.179
TNS   : 0.000

Type  : Fast 1100mV 85C Model Recovery 'U5_adc_pll|adc_pll_inst|altera_pll_i|general[0].gpll~PLL_OUTPUT_COUNTER|divclk'
Slack : 15.546
TNS   : 0.000

Type  : Fast 1100mV 85C Model Recovery 'altera_reserved_tck'
Slack : 16.449
TNS   : 0.000

Type  : Fast 1100mV 85C Model Removal 'altera_reserved_tck'
Slack : 0.380
TNS   : 0.000

Type  : Fast 1100mV 85C Model Removal 'U5_adc_pll|adc_pll_inst|altera_pll_i|general[0].gpll~PLL_OUTPUT_COUNTER|divclk'
Slack : 0.549
TNS   : 0.000

Type  : Fast 1100mV 85C Model Minimum Pulse Width 'U5_adc_pll|adc_pll_inst|altera_pll_i|general[0].gpll~FRACTIONAL_PLL|vcoph[0]'
Slack : 0.925
TNS   : 0.000

Type  : Fast 1100mV 85C Model Minimum Pulse Width 'U4_usb_pll|usb_121pll_inst|altera_pll_i|general[0].gpll~FRACTIONAL_PLL|vcoph[0]'
Slack : 1.666
TNS   : 0.000

Type  : Fast 1100mV 85C Model Minimum Pulse Width 'I_adcf_clk'
Slack : 2.058
TNS   : 0.000

Type  : Fast 1100mV 85C Model Minimum Pulse Width 'U4_usb_pll|usb_121pll_inst|altera_pll_i|general[0].gpll~PLL_OUTPUT_COUNTER|divclk'
Slack : 7.221
TNS   : 0.000

Type  : Fast 1100mV 85C Model Minimum Pulse Width 'U5_adc_pll|adc_pll_inst|altera_pll_i|general[0].gpll~PLL_OUTPUT_COUNTER|divclk'
Slack : 7.225
TNS   : 0.000

Type  : Fast 1100mV 85C Model Minimum Pulse Width 'altera_reserved_tck'
Slack : 14.572
TNS   : 0.000

Type  : Fast 1100mV 85C Model Minimum Pulse Width 'I_ref_clk'
Slack : 23.690
TNS   : 0.000

Type  : Fast 1100mV 0C Model Setup 'U5_adc_pll|adc_pll_inst|altera_pll_i|general[0].gpll~PLL_OUTPUT_COUNTER|divclk'
Slack : -1.929
TNS   : -60.400

Type  : Fast 1100mV 0C Model Setup 'U4_usb_pll|usb_121pll_inst|altera_pll_i|general[0].gpll~PLL_OUTPUT_COUNTER|divclk'
Slack : 12.018
TNS   : 0.000

Type  : Fast 1100mV 0C Model Setup 'altera_reserved_tck'
Slack : 13.222
TNS   : 0.000

Type  : Fast 1100mV 0C Model Setup 'I_ref_clk'
Slack : 43.489
TNS   : 0.000

Type  : Fast 1100mV 0C Model Hold 'U5_adc_pll|adc_pll_inst|altera_pll_i|general[0].gpll~PLL_OUTPUT_COUNTER|divclk'
Slack : -0.097
TNS   : -0.192

Type  : Fast 1100mV 0C Model Hold 'altera_reserved_tck'
Slack : 0.033
TNS   : 0.000

Type  : Fast 1100mV 0C Model Hold 'I_ref_clk'
Slack : 0.168
TNS   : 0.000

Type  : Fast 1100mV 0C Model Hold 'U4_usb_pll|usb_121pll_inst|altera_pll_i|general[0].gpll~PLL_OUTPUT_COUNTER|divclk'
Slack : 0.168
TNS   : 0.000

Type  : Fast 1100mV 0C Model Recovery 'U5_adc_pll|adc_pll_inst|altera_pll_i|general[0].gpll~PLL_OUTPUT_COUNTER|divclk'
Slack : 15.670
TNS   : 0.000

Type  : Fast 1100mV 0C Model Recovery 'altera_reserved_tck'
Slack : 16.564
TNS   : 0.000

Type  : Fast 1100mV 0C Model Removal 'altera_reserved_tck'
Slack : 0.349
TNS   : 0.000

Type  : Fast 1100mV 0C Model Removal 'U5_adc_pll|adc_pll_inst|altera_pll_i|general[0].gpll~PLL_OUTPUT_COUNTER|divclk'
Slack : 0.499
TNS   : 0.000

Type  : Fast 1100mV 0C Model Minimum Pulse Width 'U5_adc_pll|adc_pll_inst|altera_pll_i|general[0].gpll~FRACTIONAL_PLL|vcoph[0]'
Slack : 0.925
TNS   : 0.000

Type  : Fast 1100mV 0C Model Minimum Pulse Width 'U4_usb_pll|usb_121pll_inst|altera_pll_i|general[0].gpll~FRACTIONAL_PLL|vcoph[0]'
Slack : 1.666
TNS   : 0.000

Type  : Fast 1100mV 0C Model Minimum Pulse Width 'I_adcf_clk'
Slack : 2.066
TNS   : 0.000

Type  : Fast 1100mV 0C Model Minimum Pulse Width 'U4_usb_pll|usb_121pll_inst|altera_pll_i|general[0].gpll~PLL_OUTPUT_COUNTER|divclk'
Slack : 7.221
TNS   : 0.000

Type  : Fast 1100mV 0C Model Minimum Pulse Width 'U5_adc_pll|adc_pll_inst|altera_pll_i|general[0].gpll~PLL_OUTPUT_COUNTER|divclk'
Slack : 7.225
TNS   : 0.000

Type  : Fast 1100mV 0C Model Minimum Pulse Width 'altera_reserved_tck'
Slack : 14.614
TNS   : 0.000

Type  : Fast 1100mV 0C Model Minimum Pulse Width 'I_ref_clk'
Slack : 23.626
TNS   : 0.000

------------------------------------------------------------
